// Jest Snapshot v1, https://goo.gl/fbAQLP

exports[`Prubeas en <Button /> debe mostrar el componente correctamente 1`] = `
<button
  className="ui-button "
  onClick={[Function]}
/>
`;
